Microchip MPLAB XC8 Compiler V2.05 ()

Linker command line:

-W-3 --edf=C:\Program Files (x86)\Microchip\xc8\v2.05\pic\dat\en_msgs.txt \
  -cs -h+dist/default/production\Droplet_Generator.X.production.sym \
  --cmf=dist/default/production\Droplet_Generator.X.production.cmf -z \
  -Q18F25K40 -oC:\Users\bachmda2\AppData\Local\Temp\s9q8.2 \
  --defsym=__MPLAB_BUILD=1 \
  -Mdist/default/production/Droplet_Generator.X.production.map -E1 -ver=XC8 \
  --acfsm=1493 -ASTACK=0234h-07FFh -pstack=STACK -ACODE=00h-07FFFh \
  -ACONST=00h-07FFFh -ASMALLCONST=0800h-08FFhx120 \
  -AMEDIUMCONST=0800h-07FFFh -ACOMRAM=01h-05Fh -AABS1=00h-07FFh \
  -ABIGRAM=01h-07FFh -ARAM=060h-0FFh,0100h-01FFhx7 -ABANK0=060h-0FFh \
  -ABANK1=0100h-01FFh -ABANK2=0200h-02FFh -ABANK3=0300h-03FFh \
  -ABANK4=0400h-04FFh -ABANK5=0500h-05FFh -ABANK6=0600h-06FFh \
  -ABANK7=0700h-07FFh -ASFR=0EA0h-0EFFhx2,0F60h-0FFFh \
  -preset_vec=00h,intcode=08h,intcodelo=018h,powerup,init -pramtop=0800h \
  -psmallconst=SMALLCONST -pmediumconst=MEDIUMCONST -pconst=CONST \
  -AFARRAM=00h-00h -ACONFIG=0300000h-030000Bh -pconfig=CONFIG \
  -AIDLOC=0200000h-020000Fh -pidloc=IDLOC -AEEDATA=0310000h-03100FFh \
  -peeprom_data=EEDATA \
  -prdata=COMRAM,nvrram=COMRAM,nvbit=COMRAM,rbss=COMRAM,rbit=COMRAM \
  -pfarbss=FARRAM,fardata=FARRAM,nvFARRAM=FARRAM \
  -pintsave_regs=BIGRAM,bigbss=BIGRAM,bigdata=BIGRAM -pbss=RAM \
  -pidata=CODE,irdata=CODE,ibigdata=CODE,ifardata=CODE -prparam=COMRAM \
  C:\Users\bachmda2\AppData\Local\Temp\s9q8.o \
  dist/default/production\Droplet_Generator.X.production.o 

Object code version is 3.11

Machine type is 18F25K40

Call graph: (short form)




                Name                               Link     Load   Length Selector   Space Scale
C:\Users\bachmda2\AppData\Local\Temp\s9q8.o
                init                                 B2       B2        4        C       0
                reset_vec                             0        0        4        0       0
                idloc                            200000   200000       10   200000       0
                config                           300000   300000        C   300000       0
dist/default/production\Droplet_Generator.X.production.o
                intcodelo                            18       18       9A        C       0
                intcode                               8        8        6        4       0
                temp                                 54       54        1        1       1
                mediumconst                        7D80     7D80      280     3EC0       0
                text88                             5B2C     5B2C        4        C       0
                text87                             5AFE     5AFE        8        C       0
                text86                             5AEC     5AEC        A        C       0
                text85                             5896     5896       2E        C       0
                text84                             5A8C     5A8C        E        C       0
                text83                             5A02     5A02       1C        C       0
                text82                             5A6E     5A6E       10        C       0
                intcode_body                       5430     5430       52        C       0
                text80                             56E6     56E6       34        C       0
                text79                             5B12     5B12        6        C       0
                text78                             5B32     5B32        2        C       0
                text77                             5B0C     5B0C        6        C       0
                text76                             5B28     5B28        4        C       0
                text75                             59E6     59E6       1C        C       0
                text74                             5B24     5B24        4        C       0
                text73                             4E22     4E22       B2        C       0
                text72                             5868     5868       2E        C       0
                text71                             5B20     5B20        4        C       0
                text70                             5AE2     5AE2        A        C       0
                text69                             583A     583A       2E        C       0
                text68                             5A7E     5A7E        E        C       0
                text67                             574C     574C       32        C       0
                text66                             5A36     5A36       16        C       0
                text65                             59CA     59CA       1C        C       0
                text64                             5A5E     5A5E       10        C       0
                text63                             5B1C     5B1C        4        C       0
                text62                             580C     580C       2E        C       0
                text60                             5918     5918       2A        C       0
                text59                             4D66     4D66       BC        C       0
                text58                             3BA8     3BA8      28A        C       0
                text57                             57DE     57DE       2E        C       0
                text56                             389C     389C      30C        C       0
                text55                             54D2     54D2       48        C       0
                text54                             4828     4828      140        C       0
                text53                             56B2     56B2       34        C       0
                text52                             354A     354A      352        C       0
                text51                             407A     407A      1E8        C       0
                text50                             4BC6     4BC6       D2        C       0
                text49                             598C     598C       22        C       0
                text48                             2D38     2D38      42C        C       0
                text47                               B6       B6     27A4        C       0
                text46                             46E8     46E8      140        C       0
                text45                             5596     5596       3C        C       0
                text44                             5558     5558       3E        C       0
                text43                             567E     567E       34        C       0
                text42                             5942     5942       26        C       0
                text41                             57AE     57AE       30        C       0
                text40                             551A     551A       3E        C       0
                text39                             4968     4968      13A        C       0
                text38                             5388     5388       56        C       0
                text37                             4418     4418      188        C       0
                text36                             5B30     5B30        2        C       0
                text35                             502C     502C       A0        C       0
                text34                             5646     5646       38        C       0
                text33                             58EE     58EE       2A        C       0
                text32                             50CC     50CC       96        C       0
                text31                             5482     5482       50        C       0
                text30                             45A0     45A0      148        C       0
                text29                             4AA2     4AA2      124        C       0
                text28                             571A     571A       32        C       0
                text27                             3E32     3E32      248        C       0
                text26                             4F82     4F82       AA        C       0
                text25                             4C98     4C98       CE        C       0
                text24                             4ED4     4ED4       AE        C       0
                text23                             4262     4262      1B6        C       0
                text22                             3164     3164      3E6        C       0
                text21                             5332     5332       56        C       0
                text20                             53DE     53DE       52        C       0
                text19                             285A     285A      4DE        C       0
                text18                             5AF6     5AF6        8        C       0
                text17                             5AD8     5AD8        A        C       0
                text16                             5ACE     5ACE        A        C       0
                text15                             5AC4     5AC4        A        C       0
                text14                             5ABA     5ABA        A        C       0
                text13                             5AB0     5AB0        A        C       0
                text12                             51E0     51E0       7C        C       0
                text11                             5AA6     5AA6        A        C       0
                text10                             5A4C     5A4C       12        C       0
                text9                              5A1E     5A1E       18        C       0
                text8                              525C     525C       74        C       0
                text7                              59AE     59AE       1C        C       0
                text6                              5968     5968       24        C       0
                text5                              577E     577E       30        C       0
                text4                              560C     560C       3A        C       0
                text3                              55D2     55D2       3A        C       0
                text2                              58C4     58C4       2A        C       0
                text1                              5B18     5B18        4        C       0
                text0                              52D0     52D0       62        C       0
                cstackCOMRAM                          1        1       3B        1       1
                cstackBANK0                          60       60       75       60       1
                cstackBANK1                         100      100       BC      100       1
                bssBANK2                            200      200       32      200       1
                bssBANK1                            1BC      1BC       3C      100       1
                dataBANK0                            F6       F6        6       60       1
                bssBANK0                             D5       D5       1A       60       1
                dataCOMRAM                           48       48        C        1       1
                bssCOMRAM                            3C       3C        C        1       1
                cinit                              5162     5162       7E        C       0
                nvBANK2                             232      232        2      200       1
                nvBANK1                             1F8      1F8        8      100       1
                nvBANK0                              EF       EF        7       60       1
                idataBANK0                         5B06     5B06        6        C       0
                idataCOMRAM                        5A9A     5A9A        C        C       0

TOTAL           Name                               Link     Load   Length     Space
        CLASS   STACK          

        CLASS   CODE           
                intcodelo                            18       18       9A         0
                intcode                               8        8        6         0
                init                                 B2       B2        4         0
                reset_vec                             0        0        4         0
                text88                             5B2C     5B2C        4         0
                text87                             5AFE     5AFE        8         0
                text86                             5AEC     5AEC        A         0
                text85                             5896     5896       2E         0
                text84                             5A8C     5A8C        E         0
                text83                             5A02     5A02       1C         0
                text82                             5A6E     5A6E       10         0
                intcode_body                       5430     5430       52         0
                text80                             56E6     56E6       34         0
                text79                             5B12     5B12        6         0
                text78                             5B32     5B32        2         0
                text77                             5B0C     5B0C        6         0
                text76                             5B28     5B28        4         0
                text75                             59E6     59E6       1C         0
                text74                             5B24     5B24        4         0
                text73                             4E22     4E22       B2         0
                text72                             5868     5868       2E         0
                text71                             5B20     5B20        4         0
                text70                             5AE2     5AE2        A         0
                text69                             583A     583A       2E         0
                text68                             5A7E     5A7E        E         0
                text67                             574C     574C       32         0
                text66                             5A36     5A36       16         0
                text65                             59CA     59CA       1C         0
                text64                             5A5E     5A5E       10         0
                text63                             5B1C     5B1C        4         0
                text62                             580C     580C       2E         0
                text60                             5918     5918       2A         0
                text59                             4D66     4D66       BC         0
                text58                             3BA8     3BA8      28A         0
                text57                             57DE     57DE       2E         0
                text56                             389C     389C      30C         0
                text55                             54D2     54D2       48         0
                text54                             4828     4828      140         0
                text53                             56B2     56B2       34         0
                text52                             354A     354A      352         0
                text51                             407A     407A      1E8         0
                text50                             4BC6     4BC6       D2         0
                text49                             598C     598C       22         0
                text48                             2D38     2D38      42C         0
                text47                               B6       B6     27A4         0
                text46                             46E8     46E8      140         0
                text45                             5596     5596       3C         0
                text44                             5558     5558       3E         0
                text43                             567E     567E       34         0
                text42                             5942     5942       26         0
                text41                             57AE     57AE       30         0
                text40                             551A     551A       3E         0
                text39                             4968     4968      13A         0
                text38                             5388     5388       56         0
                text37                             4418     4418      188         0
                text36                             5B30     5B30        2         0
                text35                             502C     502C       A0         0
                text34                             5646     5646       38         0
                text33                             58EE     58EE       2A         0
                text32                             50CC     50CC       96         0
                text31                             5482     5482       50         0
                text30                             45A0     45A0      148         0
                text29                             4AA2     4AA2      124         0
                text28                             571A     571A       32         0
                text27                             3E32     3E32      248         0
                text26                             4F82     4F82       AA         0
                text25                             4C98     4C98       CE         0
                text24                             4ED4     4ED4       AE         0
                text23                             4262     4262      1B6         0
                text22                             3164     3164      3E6         0
                text21                             5332     5332       56         0
                text20                             53DE     53DE       52         0
                text19                             285A     285A      4DE         0
                text18                             5AF6     5AF6        8         0
                text17                             5AD8     5AD8        A         0
                text16                             5ACE     5ACE        A         0
                text15                             5AC4     5AC4        A         0
                text14                             5ABA     5ABA        A         0
                text13                             5AB0     5AB0        A         0
                text12                             51E0     51E0       7C         0
                text11                             5AA6     5AA6        A         0
                text10                             5A4C     5A4C       12         0
                text9                              5A1E     5A1E       18         0
                text8                              525C     525C       74         0
                text7                              59AE     59AE       1C         0
                text6                              5968     5968       24         0
                text5                              577E     577E       30         0
                text4                              560C     560C       3A         0
                text3                              55D2     55D2       3A         0
                text2                              58C4     58C4       2A         0
                text1                              5B18     5B18        4         0
                text0                              52D0     52D0       62         0
                cinit                              5162     5162       7E         0
                idataBANK0                         5B06     5B06        6         0
                idataCOMRAM                        5A9A     5A9A        C         0

        CLASS   CONST          

        CLASS   SMALLCONST     

        CLASS   MEDIUMCONST    
                mediumconst                        7D80     7D80      280         0

        CLASS   COMRAM         
                temp                                 54       54        1         1
                cstackCOMRAM                          1        1       3B         1
                dataCOMRAM                           48       48        C         1
                bssCOMRAM                            3C       3C        C         1

        CLASS   ABS1           

        CLASS   BIGRAM         

        CLASS   RAM            

        CLASS   BANK0          
                cstackBANK0                          60       60       75         1
                dataBANK0                            F6       F6        6         1
                bssBANK0                             D5       D5       1A         1
                nvBANK0                              EF       EF        7         1

        CLASS   BANK1          
                cstackBANK1                         100      100       BC         1
                bssBANK1                            1BC      1BC       3C         1
                nvBANK1                             1F8      1F8        8         1

        CLASS   BANK2          
                bssBANK2                            200      200       32         1
                nvBANK2                             232      232        2         1

        CLASS   BANK3          

        CLASS   BANK4          

        CLASS   BANK5          

        CLASS   BANK6          

        CLASS   BANK7          

        CLASS   SFR            

        CLASS   FARRAM         

        CLASS   CONFIG         
                config                           300000   300000        C         0

        CLASS   IDLOC          
                idloc                            200000   200000       10         0

        CLASS   EEDATA         



SEGMENTS        Name                           Load    Length   Top    Selector   Space  Class

                reset_vec                      000000  000004  000004         0       0  CODE    
                cstackCOMRAM                   000001  000054  000055         1       1  COMRAM  
                intcode                        000008  000006  00000E         4       0  CODE    
                intcodelo                      000018  005B1C  005B34         C       0  CODE    
                cstackBANK0                    000060  00009C  0000FC        60       1  BANK0   
                cstackBANK1                    000100  000100  000200       100       1  BANK1   
                bssBANK2                       000200  000034  000234       200       1  BANK2   
                mediumconst                    007D80  000280  008000      3EC0       0  MEDIUMCO
                idloc                          200000  000010  200010    200000       0  IDLOC   
                config                         300000  00000C  30000C    300000       0  CONFIG  


UNUSED ADDRESS RANGES

        Name                Unused          Largest block    Delta
        BANK0            0000FC-0000FF                4
        BANK2            000234-0002FF               CC
        BANK3            000300-0003FF              100
        BANK4            000400-0004FF              100
        BANK5            000500-0005FF              100
        BANK6            000600-0006FF              100
        BANK7            000700-0007FF              100
        BIGRAM           000055-00005F                B
                         0000FC-0000FF                4
                         000234-0007FF              5CC
        CODE             000004-000007                4
                         00000E-000017                A
                         005B34-007D7F             224C
        COMRAM           000055-00005F                B
        CONST            000004-000007                4
                         00000E-000017                A
                         005B34-007D7F             224C
        EEDATA           310000-3100FF              100
        MEDIUMCONST      005B34-007D7F             224C
        RAM              0000FC-0000FF                4
                         000234-0007FF              100
        SFR              000EA0-000FFF               60
        SMALLCONST       005B34-007D7F              100
        STACK            000234-0007FF              5CC

                                  Symbol Table

?___aodiv                                      cstackCOMRAM 00000C
?___aomod                                      cstackCOMRAM 00000C
?___fladd                                      cstackCOMRAM 00000C
?___fldiv                                      cstackBANK0  000068
?___flmul                                      cstackCOMRAM 00001C
?___flneg                                      cstackCOMRAM 00000C
?___flsub                                      cstackBANK0  000060
?___fltol                                      cstackBANK0  0000B2
?___lmul                                       cstackCOMRAM 00000C
?___lodiv                                      cstackCOMRAM 00000C
?___lomod                                      cstackCOMRAM 00000C
?___wmul                                       cstackCOMRAM 00000C
?___xxtofl                                     cstackCOMRAM 00000C
?_abs                                          cstackCOMRAM 00001E
?_atoi                                         cstackCOMRAM 000013
?_atol                                         cstackCOMRAM 000018
?_ctoa                                         cstackCOMRAM 000027
?_dtoa                                         cstackCOMRAM 000027
?_fabsf                                        cstackCOMRAM 00000C
?_isdigit                                      cstackCOMRAM 00000C
?_isspace                                      cstackCOMRAM 00000C
?_nanf                                         cstackCOMRAM 00000C
?_pad                                          cstackCOMRAM 00001C
?_powf                                         cstackBANK0  0000A1
?_scalbnf                                      cstackCOMRAM 000035
?_sprintf                                      cstackBANK0  00009D
?_sqrtf                                        cstackBANK0  000070
?_strlen                                       cstackCOMRAM 00000C
?_strncmp                                      cstackCOMRAM 00000C
?_utoa                                         cstackCOMRAM 000027
?_vfpfcnvrt                                    cstackBANK0  000072
?_vfprintf                                     cstackBANK0  000097
AD9833_SetFrequency@LSB                        cstackBANK0  0000CB
AD9833_SetFrequency@MSB                        cstackBANK0  0000C9
AD9833_SetFrequency@freq                       cstackBANK0  0000CD
AD9833_SetFrequency@frequency                  cstackBANK0  0000BC
EUSART_SetErrorHandler@interruptHandler        cstackCOMRAM 00000C
EUSART_SetFramingErrorHandler@interruptHandler cstackCOMRAM 00000C
EUSART_SetOverrunErrorHandler@interruptHandler cstackCOMRAM 00000C
EUSART_SetRxInterruptHandler@interruptHandler  cstackCOMRAM 00000C
EUSART_SetTxInterruptHandler@interruptHandler  cstackCOMRAM 00000C
EUSART_Write@txData                            cstackCOMRAM 00000C
EUSART_Write_String@data                       cstackCOMRAM 00000D
EUSART_Write_String@i                          cstackCOMRAM 00000F
Parse_Data@i                                   cstackBANK0  0000D1
SPI1_WriteWord@byteh                           cstackCOMRAM 00000F
SPI1_WriteWord@bytel                           cstackCOMRAM 00000E
SPI1_WriteWord@word                            cstackCOMRAM 00000C
TMR0_WriteTimer@timerVal                       cstackCOMRAM 000003
TMR1_WriteTimer@timerVal                       cstackCOMRAM 000003
TMR3_WriteTimer@timerVal                       cstackCOMRAM 000003
_AD9833_Init                                   text45       005596
_AD9833_SetFrequency                           text46       0046E8
_AD9833_SetFrequency$2487                      cstackBANK0  0000C5
_ANSELA                                        (abs)        000F11
_ANSELB                                        (abs)        000F19
_ANSELC                                        (abs)        000F21
_BAUD1CON                                      (abs)        000F9F
_EUSART_DefaultErrorHandler                    text79       005B12
_EUSART_DefaultFramingErrorHandler             text78       005B32
_EUSART_DefaultOverrunErrorHandler             text77       005B0C
_EUSART_ErrorHandler                           nvBANK1      0001F8
_EUSART_FramingErrorHandler                    nvBANK1      0001FC
_EUSART_Initialize                             text12       0051E0
_EUSART_OverrunErrorHandler                    nvBANK1      0001FA
_EUSART_Receive_ISR                            text73       004E22
_EUSART_RxDataHandler                          text80       0056E6
_EUSART_RxDefaultInterruptHandler              nvBANK1      0001FE
_EUSART_SetErrorHandler                        text17       005AD8
_EUSART_SetFramingErrorHandler                 text16       005ACE
_EUSART_SetOverrunErrorHandler                 text15       005AC4
_EUSART_SetRxInterruptHandler                  text14       005ABA
_EUSART_SetTxInterruptHandler                  text13       005AB0
_EUSART_Transmit_ISR                           text72       005868
_EUSART_TxDefaultInterruptHandler              nvBANK0      0000F3
_EUSART_Write                                  text44       005558
_EUSART_Write_String                           text43       00567E
_EXT_INT_Initialize                            text11       005AA6
_INLVLA                                        (abs)        000F0D
_INLVLB                                        (abs)        000F15
_INLVLC                                        (abs)        000F1D
_INLVLE                                        (abs)        000F2A
_INT0PPS                                       (abs)        000EA1
_INT0_ISR                                      text67       00574C
_INTCONbits                                    (abs)        000FF2
_INTERRUPT_Initialize                          text10       005A4C
_INTERRUPT_InterruptManagerHigh                intcode      000008
_INTERRUPT_InterruptManagerLow                 intcodelo    000018
_IPR0bits                                      (abs)        000EBA
_IPR3bits                                      (abs)        000EBD
_IPR4bits                                      (abs)        000EBE
_LATA                                          (abs)        000F83
_LATB                                          (abs)        000F84
_LATC                                          (abs)        000F85
_ODCONA                                        (abs)        000F0F
_ODCONB                                        (abs)        000F17
_ODCONC                                        (abs)        000F1F
_OSCCON1                                       (abs)        000ED8
_OSCCON3                                       (abs)        000EDA
_OSCEN                                         (abs)        000EDC
_OSCFRQ                                        (abs)        000EDE
_OSCILLATOR_Initialize                         text9        005A1E
_OSCTUNE                                       (abs)        000EDD
_PIE0bits                                      (abs)        000EC2
_PIE3bits                                      (abs)        000EC5
_PIE4bits                                      (abs)        000EC6
_PIN_MANAGER_Initialize                        text8        00525C
_PIR0bits                                      (abs)        000ECA
_PIR3bits                                      (abs)        000ECD
_PIR4bits                                      (abs)        000ECE
_PMD0                                          (abs)        000EE1
_PMD1                                          (abs)        000EE2
_PMD2                                          (abs)        000EE3
_PMD3                                          (abs)        000EE4
_PMD4                                          (abs)        000EE5
_PMD5                                          (abs)        000EE6
_PMD_Initialize                                text7        0059AE
_PORTAbits                                     (abs)        000F8D
_PORTBbits                                     (abs)        000F8E
_PORTCbits                                     (abs)        000F8F
_Parse_Data                                    text19       00285A
_RB0PPS                                        (abs)        000EEF
_RC1PPS                                        (abs)        000EF8
_RC1REG                                        (abs)        000F99
_RC1STA                                        (abs)        000F9D
_RC1STAbits                                    (abs)        000F9D
_RC2PPS                                        (abs)        000EF9
_RXPPS                                         (abs)        000EB5
_SLRCONA                                       (abs)        000F0E
_SLRCONB                                       (abs)        000F16
_SLRCONC                                       (abs)        000F1E
_SP1BRGH                                       (abs)        000F9C
_SP1BRGL                                       (abs)        000F9B
_SPI1_Close                                    text71       005B20
_SPI1_Initialize                               text6        005968
_SPI1_Start                                    text18       005AF6
_SPI1_WriteWord                                text60       005918
_SSP1ADD                                       (abs)        000F93
_SSP1BUF                                       (abs)        000F92
_SSP1CLKPPS                                    (abs)        000EB7
_SSP1CON1                                      (abs)        000F96
_SSP1CON1bits                                  (abs)        000F96
_SSP1DATPPS                                    (abs)        000EB8
_SSP1STAT                                      (abs)        000F95
_SYSTEM_Initialize                             text2        0058C4
_T0CKIPPS                                      (abs)        000EA4
_T0CON0                                        (abs)        000FD5
_T0CON0bits                                    (abs)        000FD5
_T0CON1                                        (abs)        000FD6
_T1CLK                                         (abs)        000FD2
_T1CON                                         (abs)        000FCF
_T1CONbits                                     (abs)        000FCF
_T1GATE                                        (abs)        000FD1
_T1GCON                                        (abs)        000FD0
_T3CLK                                         (abs)        000FCC
_T3CON                                         (abs)        000FC9
_T3CONbits                                     (abs)        000FC9
_T3GATE                                        (abs)        000FCB
_T3GCON                                        (abs)        000FCA
_TMR0H                                         (abs)        000FD4
_TMR0L                                         (abs)        000FD3
_TMR0_Initialize                               text5        00577E
_TMR0_Reload                                   text69       00583A
_TMR0_StartTimer                               text68       005A7E
_TMR0_StopTimer                                text88       005B2C
_TMR0_WriteTimer                               text70       005AE2
_TMR1H                                         (abs)        000FCE
_TMR1L                                         (abs)        000FCD
_TMR1_ISR                                      text66       005A36
_TMR1_Initialize                               text4        00560C
_TMR1_StartTimer                               text76       005B28
_TMR1_StopTimer                                text1        005B18
_TMR1_WriteTimer                               text75       0059E6
_TMR3H                                         (abs)        000FC8
_TMR3L                                         (abs)        000FC7
_TMR3_ISR                                      text62       00580C
_TMR3_Initialize                               text3        0055D2
_TMR3_StartTimer                               text64       005A5E
_TMR3_StopTimer                                text63       005B1C
_TMR3_WriteTimer                               text65       0059CA
_TRISA                                         (abs)        000F88
_TRISB                                         (abs)        000F89
_TRISC                                         (abs)        000F8A
_TRISCbits                                     (abs)        000F8A
_TX1REG                                        (abs)        000F9A
_TX1STA                                        (abs)        000F9E
_WPUA                                          (abs)        000F10
_WPUB                                          (abs)        000F18
_WPUC                                          (abs)        000F20
_WPUE                                          (abs)        000F2D
__CFG_BOREN$SBORDIS                            (abs)        000000
__CFG_BORV$VBOR_2P45                           (abs)        000000
__CFG_CLKOUTEN$OFF                             (abs)        000000
__CFG_CP$OFF                                   (abs)        000000
__CFG_CPD$OFF                                  (abs)        000000
__CFG_CSWEN$ON                                 (abs)        000000
__CFG_DEBUG$OFF                                (abs)        000000
__CFG_EBTR0$OFF                                (abs)        000000
__CFG_EBTR1$OFF                                (abs)        000000
__CFG_EBTR2$OFF                                (abs)        000000
__CFG_EBTR3$OFF                                (abs)        000000
__CFG_EBTRB$OFF                                (abs)        000000
__CFG_FCMEN$ON                                 (abs)        000000
__CFG_FEXTOSC$OFF                              (abs)        000000
__CFG_LPBOREN$OFF                              (abs)        000000
__CFG_LVP$ON                                   (abs)        000000
__CFG_MCLRE$EXTMCLR                            (abs)        000000
__CFG_PPS1WAY$ON                               (abs)        000000
__CFG_PWRTE$OFF                                (abs)        000000
__CFG_RSTOSC$HFINTOSC_64MHZ                    (abs)        000000
__CFG_SCANE$ON                                 (abs)        000000
__CFG_STVREN$ON                                (abs)        000000
__CFG_WDTCCS$SC                                (abs)        000000
__CFG_WDTCPS$WDTCPS_31                         (abs)        000000
__CFG_WDTCWS$WDTCWS_7                          (abs)        000000
__CFG_WDTE$OFF                                 (abs)        000000
__CFG_WRT0$OFF                                 (abs)        000000
__CFG_WRT1$OFF                                 (abs)        000000
__CFG_WRT2$OFF                                 (abs)        000000
__CFG_WRT3$OFF                                 (abs)        000000
__CFG_WRTB$OFF                                 (abs)        000000
__CFG_WRTC$OFF                                 (abs)        000000
__CFG_WRTD$OFF                                 (abs)        000000
__CFG_XINST$OFF                                (abs)        000000
__CFG_ZCD$OFF                                  (abs)        000000
__HRAM                                         (abs)        000000
__Habs1                                        abs1         000000
__Hbank0                                       bank0        000000
__Hbank1                                       bank1        000000
__Hbank2                                       bank2        000000
__Hbank3                                       bank3        000000
__Hbank4                                       bank4        000000
__Hbank5                                       bank5        000000
__Hbank6                                       bank6        000000
__Hbank7                                       bank7        000000
__Hbigbss                                      bigbss       000000
__Hbigdata                                     bigdata      000000
__Hbigram                                      bigram       000000
__Hbss                                         bss          000000
__HbssBANK0                                    bssBANK0     000000
__HbssBANK1                                    bssBANK1     000000
__HbssBANK2                                    bssBANK2     000000
__HbssCOMRAM                                   bssCOMRAM    000000
__Hcinit                                       cinit        000000
__Hclrtext                                     clrtext      000000
__Hcomram                                      comram       000000
__Hconfig                                      config       30000C
__Hconst                                       const        000000
__HcstackBANK0                                 cstackBANK0  000000
__HcstackBANK1                                 cstackBANK1  000000
__HcstackCOMRAM                                cstackCOMRAM 000000
__Hdata                                        data         000000
__HdataBANK0                                   dataBANK0    000000
__HdataCOMRAM                                  dataCOMRAM   000000
__Heeprom_data                                 eeprom_data  000000
__Hfarbss                                      farbss       000000
__Hfardata                                     fardata      000000
__Hibigdata                                    ibigdata     000000
__Hidata                                       idata        000000
__HidataBANK0                                  idataBANK0   000000
__HidataCOMRAM                                 idataCOMRAM  000000
__Hidloc                                       idloc        200010
__Hifardata                                    ifardata     000000
__Hinit                                        init         0000B6
__Hintcode                                     intcode      00000E
__Hintcode_body                                intcode_body 000000
__Hintcodelo                                   intcodelo    0000B2
__Hintentry                                    intentry     000000
__Hintret                                      intret       000000
__Hintsave_regs                                intsave_regs 000000
__Hirdata                                      irdata       000000
__Hmediumconst                                 mediumconst  008000
__HnvBANK0                                     nvBANK0      000000
__HnvBANK1                                     nvBANK1      000000
__HnvBANK2                                     nvBANK2      000000
__HnvFARRAM                                    nvFARRAM     000000
__Hnvbit                                       nvbit        000000
__Hnvrram                                      nvrram       000000
__Hparam                                       rparam       000000
__Hpowerup                                     powerup      0000B2
__Hram                                         ram          000000
__Hramtop                                      ramtop       000800
__Hrbit                                        rbit         000000
__Hrbss                                        rbss         000000
__Hrdata                                       rdata        000000
__Hreset_vec                                   reset_vec    000004
__Hrparam                                      rparam       000000
__Hsfr                                         sfr          000000
__Hsmallconst                                  smallconst   000000
__Hspace_0                                     (abs)        30000C
__Hspace_1                                     (abs)        000234
__Hspace_2                                     (abs)        000000
__Hstack                                       stack        000000
__Hstruct                                      struct       000000
__Htemp                                        temp         000055
__Htext                                        text         000000
__Htext0                                       text0        000000
__Htext1                                       text1        000000
__Htext10                                      text10       000000
__Htext11                                      text11       000000
__Htext12                                      text12       000000
__Htext13                                      text13       000000
__Htext14                                      text14       000000
__Htext15                                      text15       000000
__Htext16                                      text16       000000
__Htext17                                      text17       000000
__Htext18                                      text18       000000
__Htext19                                      text19       000000
__Htext2                                       text2        000000
__Htext20                                      text20       000000
__Htext21                                      text21       000000
__Htext22                                      text22       000000
__Htext23                                      text23       000000
__Htext24                                      text24       000000
__Htext25                                      text25       000000
__Htext26                                      text26       000000
__Htext27                                      text27       000000
__Htext28                                      text28       000000
__Htext29                                      text29       000000
__Htext3                                       text3        000000
__Htext30                                      text30       000000
__Htext31                                      text31       000000
__Htext32                                      text32       000000
__Htext33                                      text33       000000
__Htext34                                      text34       000000
__Htext35                                      text35       000000
__Htext36                                      text36       000000
__Htext37                                      text37       000000
__Htext38                                      text38       000000
__Htext39                                      text39       000000
__Htext4                                       text4        000000
__Htext40                                      text40       000000
__Htext41                                      text41       000000
__Htext42                                      text42       000000
__Htext43                                      text43       000000
__Htext44                                      text44       000000
__Htext45                                      text45       000000
__Htext46                                      text46       000000
__Htext47                                      text47       000000
__Htext48                                      text48       000000
__Htext49                                      text49       000000
__Htext5                                       text5        000000
__Htext50                                      text50       000000
__Htext51                                      text51       000000
__Htext52                                      text52       000000
__Htext53                                      text53       000000
__Htext54                                      text54       000000
__Htext55                                      text55       000000
__Htext56                                      text56       000000
__Htext57                                      text57       000000
__Htext58                                      text58       000000
__Htext59                                      text59       000000
__Htext6                                       text6        000000
__Htext60                                      text60       000000
__Htext62                                      text62       000000
__Htext63                                      text63       000000
__Htext64                                      text64       000000
__Htext65                                      text65       000000
__Htext66                                      text66       000000
__Htext67                                      text67       000000
__Htext68                                      text68       000000
__Htext69                                      text69       000000
__Htext7                                       text7        000000
__Htext70                                      text70       000000
__Htext71                                      text71       000000
__Htext72                                      text72       000000
__Htext73                                      text73       000000
__Htext74                                      text74       000000
__Htext75                                      text75       000000
__Htext76                                      text76       000000
__Htext77                                      text77       000000
__Htext78                                      text78       000000
__Htext79                                      text79       000000
__Htext8                                       text8        000000
__Htext80                                      text80       000000
__Htext82                                      text82       000000
__Htext83                                      text83       000000
__Htext84                                      text84       000000
__Htext85                                      text85       000000
__Htext86                                      text86       000000
__Htext87                                      text87       000000
__Htext88                                      text88       000000
__Htext89                                      text89       000000
__Htext9                                       text9        000000
__LRAM                                         (abs)        000001
__Labs1                                        abs1         000000
__Lbank0                                       bank0        000000
__Lbank1                                       bank1        000000
__Lbank2                                       bank2        000000
__Lbank3                                       bank3        000000
__Lbank4                                       bank4        000000
__Lbank5                                       bank5        000000
__Lbank6                                       bank6        000000
__Lbank7                                       bank7        000000
__Lbigbss                                      bigbss       000000
__Lbigdata                                     bigdata      000000
__Lbigram                                      bigram       000000
__Lbss                                         bss          000000
__LbssBANK0                                    bssBANK0     000000
__LbssBANK1                                    bssBANK1     000000
__LbssBANK2                                    bssBANK2     000000
__LbssCOMRAM                                   bssCOMRAM    000000
__Lcinit                                       cinit        000000
__Lclrtext                                     clrtext      000000
__Lcomram                                      comram       000000
__Lconfig                                      config       300000
__Lconst                                       const        000000
__LcstackBANK0                                 cstackBANK0  000000
__LcstackBANK1                                 cstackBANK1  000000
__LcstackCOMRAM                                cstackCOMRAM 000000
__Ldata                                        data         000000
__LdataBANK0                                   dataBANK0    000000
__LdataCOMRAM                                  dataCOMRAM   000000
__Leeprom_data                                 eeprom_data  000000
__Lfarbss                                      farbss       000000
__Lfardata                                     fardata      000000
__Libigdata                                    ibigdata     000000
__Lidata                                       idata        000000
__LidataBANK0                                  idataBANK0   000000
__LidataCOMRAM                                 idataCOMRAM  000000
__Lidloc                                       idloc        200000
__Lifardata                                    ifardata     000000
__Linit                                        init         0000B2
__Lintcode                                     intcode      000008
__Lintcode_body                                intcode_body 000000
__Lintcodelo                                   intcodelo    000018
__Lintentry                                    intentry     000000
__Lintret                                      intret       000000
__Lintsave_regs                                intsave_regs 000000
__Lirdata                                      irdata       000000
__Lmediumconst                                 mediumconst  007D80
__LnvBANK0                                     nvBANK0      000000
__LnvBANK1                                     nvBANK1      000000
__LnvBANK2                                     nvBANK2      000000
__LnvFARRAM                                    nvFARRAM     000000
__Lnvbit                                       nvbit        000000
__Lnvrram                                      nvrram       000000
__Lparam                                       rparam       000000
__Lpowerup                                     powerup      0000B2
__Lram                                         ram          000000
__Lramtop                                      ramtop       000800
__Lrbit                                        rbit         000000
__Lrbss                                        rbss         000000
__Lrdata                                       rdata        000000
__Lreset_vec                                   reset_vec    000000
__Lrparam                                      rparam       000000
__Lsfr                                         sfr          000000
__Lsmallconst                                  smallconst   000000
__Lspace_0                                     (abs)        000000
__Lspace_1                                     (abs)        000000
__Lspace_2                                     (abs)        000000
__Lstack                                       stack        000000
__Lstruct                                      struct       000000
__Ltemp                                        temp         000054
__Ltext                                        text         000000
__Ltext0                                       text0        000000
__Ltext1                                       text1        000000
__Ltext10                                      text10       000000
__Ltext11                                      text11       000000
__Ltext12                                      text12       000000
__Ltext13                                      text13       000000
__Ltext14                                      text14       000000
__Ltext15                                      text15       000000
__Ltext16                                      text16       000000
__Ltext17                                      text17       000000
__Ltext18                                      text18       000000
__Ltext19                                      text19       000000
__Ltext2                                       text2        000000
__Ltext20                                      text20       000000
__Ltext21                                      text21       000000
__Ltext22                                      text22       000000
__Ltext23                                      text23       000000
__Ltext24                                      text24       000000
__Ltext25                                      text25       000000
__Ltext26                                      text26       000000
__Ltext27                                      text27       000000
__Ltext28                                      text28       000000
__Ltext29                                      text29       000000
__Ltext3                                       text3        000000
__Ltext30                                      text30       000000
__Ltext31                                      text31       000000
__Ltext32                                      text32       000000
__Ltext33                                      text33       000000
__Ltext34                                      text34       000000
__Ltext35                                      text35       000000
__Ltext36                                      text36       000000
__Ltext37                                      text37       000000
__Ltext38                                      text38       000000
__Ltext39                                      text39       000000
__Ltext4                                       text4        000000
__Ltext40                                      text40       000000
__Ltext41                                      text41       000000
__Ltext42                                      text42       000000
__Ltext43                                      text43       000000
__Ltext44                                      text44       000000
__Ltext45                                      text45       000000
__Ltext46                                      text46       000000
__Ltext47                                      text47       000000
__Ltext48                                      text48       000000
__Ltext49                                      text49       000000
__Ltext5                                       text5        000000
__Ltext50                                      text50       000000
__Ltext51                                      text51       000000
__Ltext52                                      text52       000000
__Ltext53                                      text53       000000
__Ltext54                                      text54       000000
__Ltext55                                      text55       000000
__Ltext56                                      text56       000000
__Ltext57                                      text57       000000
__Ltext58                                      text58       000000
__Ltext59                                      text59       000000
__Ltext6                                       text6        000000
__Ltext60                                      text60       000000
__Ltext62                                      text62       000000
__Ltext63                                      text63       000000
__Ltext64                                      text64       000000
__Ltext65                                      text65       000000
__Ltext66                                      text66       000000
__Ltext67                                      text67       000000
__Ltext68                                      text68       000000
__Ltext69                                      text69       000000
__Ltext7                                       text7        000000
__Ltext70                                      text70       000000
__Ltext71                                      text71       000000
__Ltext72                                      text72       000000
__Ltext73                                      text73       000000
__Ltext74                                      text74       000000
__Ltext75                                      text75       000000
__Ltext76                                      text76       000000
__Ltext77                                      text77       000000
__Ltext78                                      text78       000000
__Ltext79                                      text79       000000
__Ltext8                                       text8        000000
__Ltext80                                      text80       000000
__Ltext82                                      text82       000000
__Ltext83                                      text83       000000
__Ltext84                                      text84       000000
__Ltext85                                      text85       000000
__Ltext86                                      text86       000000
__Ltext87                                      text87       000000
__Ltext88                                      text88       000000
__Ltext89                                      text89       000000
__Ltext9                                       text9        000000
__S0                                           (abs)        30000C
__S1                                           (abs)        000234
__S2                                           (abs)        000000
___aodiv                                       text30       0045A0
___aodiv@counter                               cstackCOMRAM 00001C
___aodiv@dividend                              cstackCOMRAM 00000C
___aodiv@divisor                               cstackCOMRAM 000014
___aodiv@quotient                              cstackCOMRAM 00001E
___aodiv@sign                                  cstackCOMRAM 00001D
___aomod                                       text29       004AA2
___aomod@counter                               cstackCOMRAM 00001C
___aomod@dividend                              cstackCOMRAM 00000C
___aomod@divisor                               cstackCOMRAM 000014
___aomod@sign                                  cstackCOMRAM 00001D
___fladd                                       text56       00389C
___fladd@a                                     cstackCOMRAM 000010
___fladd@aexp                                  cstackCOMRAM 000019
___fladd@b                                     cstackCOMRAM 00000C
___fladd@bexp                                  cstackCOMRAM 00001A
___fladd@grs                                   cstackCOMRAM 00001B
___fladd@signs                                 cstackCOMRAM 000018
___fldiv                                       text58       003BA8
___fldiv@a                                     cstackBANK0  00006C
___fldiv@aexp                                  cstackBANK0  00007C
___fldiv@b                                     cstackBANK0  000068
___fldiv@bexp                                  cstackBANK0  00007B
___fldiv@grs                                   cstackBANK0  000077
___fldiv@new_exp                               cstackBANK0  000075
___fldiv@rem                                   cstackBANK0  000070
___fldiv@sign                                  cstackBANK0  000074
___flge                                        text50       004BC6
___flge@ff1                                    cstackBANK0  000068
___flge@ff2                                    cstackBANK0  00006C
___flmul                                       text52       00354A
___flmul@a                                     cstackCOMRAM 000020
___flmul@aexp                                  cstackCOMRAM 00002D
___flmul@b                                     cstackCOMRAM 00001C
___flmul@bexp                                  cstackCOMRAM 00002E
___flmul@grs                                   cstackCOMRAM 000029
___flmul@prod                                  cstackCOMRAM 00002F
___flmul@sign                                  cstackCOMRAM 000028
___flmul@temp                                  cstackCOMRAM 000033
___flneg                                       text57       0057DE
___flneg@f1                                    cstackCOMRAM 00000C
___flsub                                       text55       0054D2
___flsub@a                                     cstackBANK0  000064
___flsub@b                                     cstackBANK0  000060
___fltol                                       text59       004D66
___fltol@exp1                                  cstackBANK0  0000BB
___fltol@f1                                    cstackBANK0  0000B2
___fltol@sign1                                 cstackBANK0  0000BA
___inthi_sp                                    stack        000000
___intlo_sp                                    stack        000000
___lmul                                        text38       005388
___lmul@multiplicand                           cstackCOMRAM 000010
___lmul@multiplier                             cstackCOMRAM 00000C
___lmul@product                                cstackCOMRAM 000014
___lodiv                                       text25       004C98
___lodiv@counter                               cstackCOMRAM 000024
___lodiv@dividend                              cstackCOMRAM 00000C
___lodiv@divisor                               cstackCOMRAM 000014
___lodiv@quotient                              cstackCOMRAM 00001C
___lomod                                       text24       004ED4
___lomod@counter                               cstackCOMRAM 00001C
___lomod@dividend                              cstackCOMRAM 00000C
___lomod@divisor                               cstackCOMRAM 000014
___param_bank                                  (abs)        000000
___rparam_used                                 (abs)        000001
___sp                                          stack        000000
___wmul                                        text42       005942
___wmul@multiplicand                           cstackCOMRAM 00000E
___wmul@multiplier                             cstackCOMRAM 00000C
___wmul@product                                cstackCOMRAM 000010
___xxtofl                                      text54       004828
___xxtofl@arg                                  cstackCOMRAM 000016
___xxtofl@exp                                  cstackCOMRAM 000015
___xxtofl@sign                                 cstackCOMRAM 000014
___xxtofl@val                                  cstackCOMRAM 00000C
__accesstop                                    (abs)        000060
__activetblptr                                 (abs)        000002
__end_of_AD9833_Init                           text45       0055D2
__end_of_AD9833_SetFrequency                   text46       004828
__end_of_EUSART_DefaultErrorHandler            text79       005B18
__end_of_EUSART_DefaultFramingErrorHandler     text78       005B34
__end_of_EUSART_DefaultOverrunErrorHandler     text77       005B12
__end_of_EUSART_Initialize                     text12       00525C
__end_of_EUSART_Receive_ISR                    text73       004ED4
__end_of_EUSART_RxDataHandler                  text80       00571A
__end_of_EUSART_SetErrorHandler                text17       005AE2
__end_of_EUSART_SetFramingErrorHandler         text16       005AD8
__end_of_EUSART_SetOverrunErrorHandler         text15       005ACE
__end_of_EUSART_SetRxInterruptHandler          text14       005AC4
__end_of_EUSART_SetTxInterruptHandler          text13       005ABA
__end_of_EUSART_Transmit_ISR                   text72       005896
__end_of_EUSART_Write                          text44       005596
__end_of_EUSART_Write_String                   text43       0056B2
__end_of_EXT_INT_Initialize                    text11       005AB0
__end_of_INT0_ISR                              text67       00577E
__end_of_INTERRUPT_Initialize                  text10       005A5E
__end_of_INTERRUPT_InterruptManagerHigh        intcode_body 005482
__end_of_INTERRUPT_InterruptManagerLow         intcodelo    0000B2
__end_of_L1                                    mediumconst  007DDD
__end_of_L2                                    mediumconst  007DD9
__end_of_L3                                    mediumconst  007DD5
__end_of_L4                                    mediumconst  007DD1
__end_of_L5                                    mediumconst  007DCD
__end_of_L6                                    mediumconst  007DC9
__end_of_OSCILLATOR_Initialize                 text9        005A36
__end_of_P1                                    mediumconst  007DC5
__end_of_P2                                    mediumconst  007DC1
__end_of_P3                                    mediumconst  007DBD
__end_of_P4                                    mediumconst  007DB9
__end_of_P5                                    mediumconst  007DB5
__end_of_PIN_MANAGER_Initialize                text8        0052D0
__end_of_PMD_Initialize                        text7        0059CA
__end_of_Parse_Data                            text19       002D38
__end_of_SPI1_Close                            text71       005B24
__end_of_SPI1_Initialize                       text6        00598C
__end_of_SPI1_Start                            text18       005AFE
__end_of_SPI1_WriteWord                        text60       005942
__end_of_SYSTEM_Initialize                     text2        0058EE
__end_of_TMR0_Initialize                       text5        0057AE
__end_of_TMR0_Reload                           text69       005868
__end_of_TMR0_StartTimer                       text68       005A8C
__end_of_TMR0_StopTimer                        text88       005B30
__end_of_TMR0_WriteTimer                       text70       005AEC
__end_of_TMR1_ISR                              text66       005A4C
__end_of_TMR1_Initialize                       text4        005646
__end_of_TMR1_StartTimer                       text76       005B2C
__end_of_TMR1_StopTimer                        text1        005B1C
__end_of_TMR1_WriteTimer                       text75       005A02
__end_of_TMR3_ISR                              text62       00583A
__end_of_TMR3_Initialize                       text3        00560C
__end_of_TMR3_StartTimer                       text64       005A6E
__end_of_TMR3_StopTimer                        text63       005B20
__end_of_TMR3_WriteTimer                       text65       0059E6
__end_of___aodiv                               text30       0046E8
__end_of___aomod                               text29       004BC6
__end_of___fladd                               text56       003BA8
__end_of___fldiv                               text58       003E32
__end_of___flge                                text50       004C98
__end_of___flmul                               text52       00389C
__end_of___flneg                               text57       00580C
__end_of___flsub                               text55       00551A
__end_of___fltol                               text59       004E22
__end_of___lmul                                text38       0053DE
__end_of___lodiv                               text25       004D66
__end_of___lomod                               text24       004F82
__end_of___wmul                                text42       005968
__end_of___xxtofl                              text54       004968
__end_of__initialization                       cinit        0051D2
__end_of_abs                                   text28       00574C
__end_of_atoi                                  text39       004AA2
__end_of_atol                                  text37       0045A0
__end_of_bp                                    mediumconst  007DF5
__end_of_cp                                    mediumconst  007DA1
__end_of_cp_h                                  mediumconst  007E01
__end_of_cp_l                                  mediumconst  007DFD
__end_of_ctoa                                  text31       0054D2
__end_of_dp_h                                  mediumconst  007D91
__end_of_dp_l                                  mediumconst  007D89
__end_of_dtoa                                  text27       00407A
__end_of_fabsf                                 text53       0056E6
__end_of_fputc                                 text35       0050CC
__end_of_fputs                                 text34       00567E
__end_of_huge                                  mediumconst  007DE5
__end_of_isdigit                               text41       0057DE
__end_of_isspace                               text40       005558
__end_of_ivln2                                 mediumconst  007D9D
__end_of_ivln2_h                               mediumconst  007DF9
__end_of_ivln2_l                               mediumconst  007D99
__end_of_lg2                                   mediumconst  007DB1
__end_of_lg2_h                                 mediumconst  007DAD
__end_of_lg2_l                                 mediumconst  007DA9
__end_of_main                                  text0        005332
__end_of_nanf                                  text49       0059AE
__end_of_ovt                                   mediumconst  007DA5
__end_of_pad                                   text32       005162
__end_of_powf                                  text47       00285A
__end_of_putch                                 text36       005B32
__end_of_scalbnf                               text51       004262
__end_of_spi1_configuration                    mediumconst  007DED
__end_of_sprintf                               text20       005430
__end_of_sqrtf                                 text48       003164
__end_of_strlen                                text33       005918
__end_of_strncmp                               text26       00502C
__end_of_tiny                                  mediumconst  007DE1
__end_of_two24                                 mediumconst  007DE9
__end_of_utoa                                  text23       004418
__end_of_vfpfcnvrt                             text22       00354A
__end_of_vfprintf                              text21       005388
__end_ofi1_TMR1_StopTimer                      text74       005B28
__end_ofi2_SPI1_Start                          text87       005B06
__end_ofi2_TMR0_Reload                         text85       0058C4
__end_ofi2_TMR0_StartTimer                     text84       005A9A
__end_ofi2_TMR0_WriteTimer                     text86       005AF6
__end_ofi2_TMR3_StartTimer                     text82       005A7E
__end_ofi2_TMR3_WriteTimer                     text83       005A1E
__end_ofsqrtf@tiny                             mediumconst  007D95
__initialization                               cinit        005162
__mediumconst                                  mediumconst  007D80
__pbssBANK0                                    bssBANK0     0000D5
__pbssBANK1                                    bssBANK1     0001BC
__pbssBANK2                                    bssBANK2     000200
__pbssCOMRAM                                   bssCOMRAM    00003C
__pcinit                                       cinit        005162
__pcstackBANK0                                 cstackBANK0  000060
__pcstackBANK1                                 cstackBANK1  000100
__pcstackCOMRAM                                cstackCOMRAM 000001
__pdataBANK0                                   dataBANK0    0000F6
__pdataCOMRAM                                  dataCOMRAM   000048
__pidataBANK0                                  idataBANK0   005B06
__pidataCOMRAM                                 idataCOMRAM  005A9A
__pintcode                                     intcode      000008
__pintcode_body                                intcode_body 005430
__pintcodelo                                   intcodelo    000018
__pmediumconst                                 mediumconst  007D80
__pnvBANK0                                     nvBANK0      0000EF
__pnvBANK1                                     nvBANK1      0001F8
__pnvBANK2                                     nvBANK2      000232
__ptext0                                       text0        0052D0
__ptext1                                       text1        005B18
__ptext10                                      text10       005A4C
__ptext11                                      text11       005AA6
__ptext12                                      text12       0051E0
__ptext13                                      text13       005AB0
__ptext14                                      text14       005ABA
__ptext15                                      text15       005AC4
__ptext16                                      text16       005ACE
__ptext17                                      text17       005AD8
__ptext18                                      text18       005AF6
__ptext19                                      text19       00285A
__ptext2                                       text2        0058C4
__ptext20                                      text20       0053DE
__ptext21                                      text21       005332
__ptext22                                      text22       003164
__ptext23                                      text23       004262
__ptext24                                      text24       004ED4
__ptext25                                      text25       004C98
__ptext26                                      text26       004F82
__ptext27                                      text27       003E32
__ptext28                                      text28       00571A
__ptext29                                      text29       004AA2
__ptext3                                       text3        0055D2
__ptext30                                      text30       0045A0
__ptext31                                      text31       005482
__ptext32                                      text32       0050CC
__ptext33                                      text33       0058EE
__ptext34                                      text34       005646
__ptext35                                      text35       00502C
__ptext36                                      text36       005B30
__ptext37                                      text37       004418
__ptext38                                      text38       005388
__ptext39                                      text39       004968
__ptext4                                       text4        00560C
__ptext40                                      text40       00551A
__ptext41                                      text41       0057AE
__ptext42                                      text42       005942
__ptext43                                      text43       00567E
__ptext44                                      text44       005558
__ptext45                                      text45       005596
__ptext46                                      text46       0046E8
__ptext47                                      text47       0000B6
__ptext48                                      text48       002D38
__ptext49                                      text49       00598C
__ptext5                                       text5        00577E
__ptext50                                      text50       004BC6
__ptext51                                      text51       00407A
__ptext52                                      text52       00354A
__ptext53                                      text53       0056B2
__ptext54                                      text54       004828
__ptext55                                      text55       0054D2
__ptext56                                      text56       00389C
__ptext57                                      text57       0057DE
__ptext58                                      text58       003BA8
__ptext59                                      text59       004D66
__ptext6                                       text6        005968
__ptext60                                      text60       005918
__ptext62                                      text62       00580C
__ptext63                                      text63       005B1C
__ptext64                                      text64       005A5E
__ptext65                                      text65       0059CA
__ptext66                                      text66       005A36
[...]
      Temps:          0       0       0       0       0       0       0       0       0
      Totals:         0       0       0       0       0       0       0       0       0
Total ram usage:        0 bytes
 Hardware stack levels used:    1
 Hardware stack levels required when called:    2
 This function calls:
		_TMR0_StopTimer
		i2_SPI1_Start
		i2_TMR0_Reload
		i2_TMR0_StartTimer
		i2_TMR3_StartTimer
 This function is called by:
		Interrupt level 2
 This function uses a non-reentrant model


 *************** function i2_TMR3_StartTimer *****************
 Defined at:
		line 71 in file "mcc_generated_files/tmr3.c"
 Parameters:    Size  Location     Type
		None
 Auto vars:     Size  Location     Type
		None
 Return value:  Size  Location     Type
                  1    wreg      void 
 Registers used:
		wreg, status,2, cstack
 Tracked objects:
		On entry : 
		On exit  : 
		Unchanged: 
 Data sizes:     COMRAM   BANK0   BANK1   BANK2   BANK3   BANK4   BANK5   BANK6   BANK7
      Params:         0       0       0       0       0       0       0       0       0
      Locals:         0       0       0       0       0       0       0       0       0
      Temps:          0       0       0       0       0       0       0       0       0
      Totals:         0       0       0       0       0       0       0       0       0
Total ram usage:        0 bytes
 Hardware stack levels used:    1
 Hardware stack levels required when called:    1
 This function calls:
		i2_TMR3_WriteTimer
 This function is called by:
		_INTERRUPT_InterruptManagerHigh
 This function uses a non-reentrant model


 *************** function i2_TMR3_WriteTimer *****************
 Defined at:
		line 84 in file "mcc_generated_files/tmr3.c"
 Parameters:    Size  Location     Type
  timerVal        2    0[COMRAM] unsigned short 
 Auto vars:     Size  Location     Type
		None
 Return value:  Size  Location     Type
                  1    wreg      void 
 Registers used:
		wreg, status,2
 Tracked objects:
		On entry : 
		On exit  : 
		Unchanged: 
 Data sizes:     COMRAM   BANK0   BANK1   BANK2   BANK3   BANK4   BANK5   BANK6   BANK7
      Params:         2       0       0       0       0       0       0       0       0
      Locals:         0       0       0       0       0       0       0       0       0
      Temps:          0       0       0       0       0       0       0       0       0
      Totals:         2       0       0       0       0       0       0       0       0
Total ram usage:        2 bytes
 Hardware stack levels used:    1
 This function calls:
		Nothing
 This function is called by:
		i2_TMR3_StartTimer
 This function uses a non-reentrant model


 *************** function i2_TMR0_StartTimer *****************
 Defined at:
		line 67 in file "mcc_generated_files/tmr0.c"
 Parameters:    Size  Location     Type
		None
 Auto vars:     Size  Location     Type
		None
 Return value:  Size  Location     Type
                  1    wreg      void 
 Registers used:
		None
 Tracked objects:
		On entry : 
		On exit  : 
		Unchanged: 
 Data sizes:     COMRAM   BANK0   BANK1   BANK2   BANK3   BANK4   BANK5   BANK6   BANK7
      Params:         0       0       0       0       0       0       0       0       0
      Locals:         0       0       0       0       0       0       0       0       0
      Temps:          0       0       0       0       0       0       0       0       0
      Totals:         0       0       0       0       0       0       0       0       0
Total ram usage:        0 bytes
 Hardware stack levels used:    1
 This function calls:
		Nothing
 This function is called by:
		_INTERRUPT_InterruptManagerHigh
 This function uses a non-reentrant model


 *************** function i2_TMR0_Reload *****************
 Defined at:
		line 93 in file "mcc_generated_files/tmr0.c"
 Parameters:    Size  Location     Type
		None
 Auto vars:     Size  Location     Type
		None
 Return value:  Size  Location     Type
                  1    wreg      void 
 Registers used:
		wreg, status,2, status,0, cstack
 Tracked objects:
		On entry : 
		On exit  : 
		Unchanged: 
 Data sizes:     COMRAM   BANK0   BANK1   BANK2   BANK3   BANK4   BANK5   BANK6   BANK7
      Params:         0       0       0       0       0       0       0       0       0
      Locals:         0       0       0       0       0       0       0       0       0
      Temps:          0       0       0       0       0       0       0       0       0
      Totals:         0       0       0       0       0       0       0       0       0
Total ram usage:        0 bytes
 Hardware stack levels used:    1
 Hardware stack levels required when called:    1
 This function calls:
		i2_TMR0_WriteTimer
 This function is called by:
		_INTERRUPT_InterruptManagerHigh
 This function uses a non-reentrant model


 *************** function i2_TMR0_WriteTimer *****************
 Defined at:
		line 86 in file "mcc_generated_files/tmr0.c"
 Parameters:    Size  Location     Type
  timerVal        2    0[COMRAM] unsigned short 
 Auto vars:     Size  Location     Type
		None
 Return value:  Size  Location     Type
                  1    wreg      void 
 Registers used:
		wreg, status,2
 Tracked objects:
		On entry : 
		On exit  : 
		Unchanged: 
 Data sizes:     COMRAM   BANK0   BANK1   BANK2   BANK3   BANK4   BANK5   BANK6   BANK7
      Params:         2       0       0       0       0       0       0       0       0
      Locals:         0       0       0       0       0       0       0       0       0
      Temps:          0       0       0       0       0       0       0       0       0
      Totals:         2       0       0       0       0       0       0       0       0
Total ram usage:        2 bytes
 Hardware stack levels used:    1
 This function calls:
		Nothing
 This function is called by:
		i2_TMR0_Reload
 This function uses a non-reentrant model


 *************** function i2_SPI1_Start *****************
 Defined at:
		line 53 in file "mcc_generated_files/spi1.c"
 Parameters:    Size  Location     Type
		None
 Auto vars:     Size  Location     Type
		None
 Return value:  Size  Location     Type
                  1    wreg      void 
 Registers used:
		None
 Tracked objects:
		On entry : 
		On exit  : 
		Unchanged: 
 Data sizes:     COMRAM   BANK0   BANK1   BANK2   BANK3   BANK4   BANK5   BANK6   BANK7
      Params:         0       0       0       0       0       0       0       0       0
      Locals:         0       0       0       0       0       0       0       0       0
      Temps:          0       0       0       0       0       0       0       0       0
      Totals:         0       0       0       0       0       0       0       0       0
Total ram usage:        0 bytes
 Hardware stack levels used:    1
 This function calls:
		Nothing
 This function is called by:
		_INTERRUPT_InterruptManagerHigh
 This function uses a non-reentrant model


 *************** function _TMR0_StopTimer *****************
 Defined at:
		line 79 in file "mcc_generated_files/tmr0.c"
 Parameters:    Size  Location     Type
		None
 Auto vars:     Size  Location     Type
		None
 Return value:  Size  Location     Type
                  1    wreg      void 
 Registers used:
		None
 Tracked objects:
		On entry : 
		On exit  : 
		Unchanged: 
 Data sizes:     COMRAM   BANK0   BANK1   BANK2   BANK3   BANK4   BANK5   BANK6   BANK7
      Params:         0       0       0       0       0       0       0       0       0
      Locals:         0       0       0       0       0       0       0       0       0
      Temps:          0       0       0       0       0       0       0       0       0
      Totals:         0       0       0       0       0       0       0       0       0
Total ram usage:        0 bytes
 Hardware stack levels used:    1
 This function calls:
		Nothing
 This function is called by:
		_INTERRUPT_InterruptManagerHigh
 This function uses a non-reentrant model



MODULE INFORMATION

Module		Function		Class		Link	Load	Size
C:\Program Files (x86)\Microchip\xc8\v2.05\pic\sources\c99\common\powf.c
		_powf          		CODE           	00B6	0000	10149

C:\Program Files (x86)\Microchip\xc8\v2.05\pic\sources\c99\common\powf.c estimated size: 10149

C:\Program Files (x86)\Microchip\xc8\v2.05\pic\sources\c99\common\Umul32.c
		___lmul        		CODE           	5388	0000	87

C:\Program Files (x86)\Microchip\xc8\v2.05\pic\sources\c99\common\Umul32.c estimated size: 87

C:\Program Files (x86)\Microchip\xc8\v2.05\pic\sources\c99\common\putch.c
		_putch         		CODE           	5B30	0000	3

C:\Program Files (x86)\Microchip\xc8\v2.05\pic\sources\c99\common\putch.c estimated size: 3

C:\Program Files (x86)\Microchip\xc8\v2.05\pic\sources\c99\common\atol.c
		_atol          		CODE           	4418	0000	393

C:\Program Files (x86)\Microchip\xc8\v2.05\pic\sources\c99\common\atol.c estimated size: 393

mcc_generated_files/interrupt_manager.c
		_INTERRUPT_Initialize		CODE           	5A4C	0000	19
		_INTERRUPT_InterruptManagerLow		CODE           	0018	0000	155
		_INTERRUPT_InterruptManagerHigh		CODE           	0008	0000	89

mcc_generated_files/interrupt_manager.c estimated size: 263

C:\Program Files (x86)\Microchip\xc8\v2.05\pic\sources\c99\common\flge.c
		___flge        		CODE           	4BC6	0000	211

C:\Program Files (x86)\Microchip\xc8\v2.05\pic\sources\c99\common\flge.c estimated size: 211

mcc_generated_files/tmr0.c
		_TMR0_StopTimer		CODE           	5B2C	0000	5
		_TMR0_Reload   		CODE           	583A	0000	47
		_TMR0_WriteTimer		CODE           	5AE2	0000	11
		_TMR0_StartTimer		CODE           	5A7E	0000	15
		_TMR0_Initialize		CODE           	577E	0000	49

mcc_generated_files/tmr0.c estimated size: 127

C:\Program Files (x86)\Microchip\xc8\v2.05\pic\sources\c99\common\nf_fputc.c
		_fputc         		CODE           	502C	0000	161

C:\Program Files (x86)\Microchip\xc8\v2.05\pic\sources\c99\common\nf_fputc.c estimated size: 161

C:\Program Files (x86)\Microchip\xc8\v2.05\pic\sources\c99\common\lodiv.c
		___lodiv       		CODE           	4C98	0000	207

C:\Program Files (x86)\Microchip\xc8\v2.05\pic\sources\c99\common\lodiv.c estimated size: 207

mcc_generated_files/pin_manager.c
		_PIN_MANAGER_Initialize		CODE           	525C	0000	117

mcc_generated_files/pin_manager.c estimated size: 117

parse.c
		_Parse_Data    		CODE           	285A	0000	1247

parse.c estimated size: 1247

C:\Program Files (x86)\Microchip\xc8\v2.05\pic\sources\c99\common\aodiv.c
		___aodiv       		CODE           	45A0	0000	329

C:\Program Files (x86)\Microchip\xc8\v2.05\pic\sources\c99\common\aodiv.c estimated size: 329

C:\Program Files (x86)\Microchip\xc8\v2.05\pic\sources\c99\common\xxtofl.c
		___xxtofl      		CODE           	4828	0000	321

C:\Program Files (x86)\Microchip\xc8\v2.05\pic\sources\c99\common\xxtofl.c estimated size: 321

ad9833.c
		_AD9833_Init   		CODE           	5596	0000	61
		_AD9833_SetFrequency		CODE           	46E8	0000	321

ad9833.c estimated size: 382

mcc_generated_files/spi1.c
		_SPI1_WriteWord		CODE           	5918	0000	43
		_SPI1_Initialize		CODE           	5968	0000	37
		_SPI1_Close    		CODE           	5B20	0000	5
		_SPI1_Start    		CODE           	5AF6	0000	9

mcc_generated_files/spi1.c estimated size: 94

C:\Program Files (x86)\Microchip\xc8\v2.05\pic\sources\c99\common\strlen.c
		_strlen        		CODE           	58EE	0000	43

C:\Program Files (x86)\Microchip\xc8\v2.05\pic\sources\c99\common\strlen.c estimated size: 43

C:\Program Files (x86)\Microchip\xc8\v2.05\pic\sources\c99\common\sqrtf.c
		_sqrtf         		CODE           	2D38	0000	1069

C:\Program Files (x86)\Microchip\xc8\v2.05\pic\sources\c99\common\sqrtf.c estimated size: 1069

C:\Program Files (x86)\Microchip\xc8\v2.05\pic\sources\c99\common\isspace.c
		_isspace       		CODE           	551A	0000	63

C:\Program Files (x86)\Microchip\xc8\v2.05\pic\sources\c99\common\isspace.c estimated size: 63

C:\Program Files (x86)\Microchip\xc8\v2.05\pic\sources\c99\common\fltol.c
		___fltol       		CODE           	4D66	0000	189

C:\Program Files (x86)\Microchip\xc8\v2.05\pic\sources\c99\common\fltol.c estimated size: 189

C:\Program Files (x86)\Microchip\xc8\v2.05\pic\sources\c99\common\strncmp.c
		_strncmp       		CODE           	4F82	0000	171

C:\Program Files (x86)\Microchip\xc8\v2.05\pic\sources\c99\common\strncmp.c estimated size: 171

C:\Program Files (x86)\Microchip\xc8\v2.05\pic\sources\c99\common\nanf.c
		_nanf          		CODE           	598C	0000	35

C:\Program Files (x86)\Microchip\xc8\v2.05\pic\sources\c99\common\nanf.c estimated size: 35

C:\Program Files (x86)\Microchip\xc8\v2.05\pic\sources\c99\common\sprcmul.c
		___flmul       		CODE           	354A	0000	851

C:\Program Files (x86)\Microchip\xc8\v2.05\pic\sources\c99\common\sprcmul.c estimated size: 851

mcc_generated_files/ext_int.c
		_EXT_INT_Initialize		CODE           	5AA6	0000	11
		_INT0_ISR      		CODE           	574C	0000	51

mcc_generated_files/ext_int.c estimated size: 62

C:\Program Files (x86)\Microchip\xc8\v2.05\pic\sources\c99\common\sprcdiv.c
		___fldiv       		CODE           	3BA8	0000	651

C:\Program Files (x86)\Microchip\xc8\v2.05\pic\sources\c99\common\sprcdiv.c estimated size: 651

C:\Program Files (x86)\Microchip\xc8\v2.05\pic\sources\c99\common\doprnt.c
		_vfpfcnvrt     		CODE           	3164	0000	999
		_pad           		CODE           	50CC	0000	151
		_ctoa          		CODE           	5482	0000	81
		_dtoa          		CODE           	3E32	0000	585
		_vfprintf      		CODE           	5332	0000	87
		_utoa          		CODE           	4262	0000	439

C:\Program Files (x86)\Microchip\xc8\v2.05\pic\sources\c99\common\doprnt.c estimated size: 2342

shared
		_L5            		MEDIUMCONST    	0000	0000	0
		_P3            		MEDIUMCONST    	0000	0000	0
		i2_TMR0_Reload 		CODE           	5896	0000	47
		_L6            		MEDIUMCONST    	0000	0000	0
		_P4            		MEDIUMCONST    	0000	0000	0
		_P5            		MEDIUMCONST    	0000	0000	0
		i2_TMR0_WriteTimer		CODE           	5AEC	0000	11
		i2_TMR0_StartTimer		CODE           	5A8C	0000	15
		i2_TMR3_WriteTimer		CODE           	5A02	0000	29
		i2_TMR3_StartTimer		CODE           	5A6E	0000	17
		_lg2_l         		MEDIUMCONST    	0000	0000	0
		i1_TMR1_StopTimer		CODE           	5B24	0000	5
		_ivln2_l       		MEDIUMCONST    	0000	0000	0
		_ivln2         		MEDIUMCONST    	0000	0000	0
		__initialization		CODE           	5162	0000	113
		_bp            		MEDIUMCONST    	7DED	0000	9
		_cp            		MEDIUMCONST    	0000	0000	0
		_cp_h          		MEDIUMCONST    	0000	0000	0
		_dp_h          		MEDIUMCONST    	7D89	0000	9
		_lg2           		MEDIUMCONST    	0000	0000	0
		_lg2_h         		MEDIUMCONST    	0000	0000	0
		_ivln2_h       		MEDIUMCONST    	0000	0000	0
		_tiny          		MEDIUMCONST    	0000	0000	0
		sqrtf@tiny     		MEDIUMCONST    	0000	0000	0
		_ovt           		MEDIUMCONST    	0000	0000	0
		_huge          		MEDIUMCONST    	0000	0000	0
		_two24         		MEDIUMCONST    	0000	0000	0
		_cp_l          		MEDIUMCONST    	0000	0000	0
		_spi1_configuration		MEDIUMCONST    	0000	0000	0
		_dp_l          		MEDIUMCONST    	7D81	0000	9
		_L1            		MEDIUMCONST    	0000	0000	0
		_L2            		MEDIUMCONST    	0000	0000	0
		_L3            		MEDIUMCONST    	0000	0000	0
		_P1            		MEDIUMCONST    	0000	0000	0
		i2_SPI1_Start  		CODE           	5AFE	0000	9
		_L4            		MEDIUMCONST    	0000	0000	0
		_P2            		MEDIUMCONST    	0000	0000	0

shared estimated size: 273

mcc_generated_files/mcc.c
		_PMD_Initialize		CODE           	59AE	0000	29
		_OSCILLATOR_Initialize		CODE           	5A1E	0000	25
		_SYSTEM_Initialize		CODE           	58C4	0000	43

mcc_generated_files/mcc.c estimated size: 97

mcc_generated_files/tmr3.c
		_TMR3_ISR      		CODE           	580C	0000	47
		_TMR3_Initialize		CODE           	55D2	0000	59
		_TMR3_StopTimer		CODE           	5B1C	0000	5
		_TMR3_WriteTimer		CODE           	59CA	0000	29
		_TMR3_StartTimer		CODE           	5A5E	0000	17

mcc_generated_files/tmr3.c estimated size: 157

C:\Program Files (x86)\Microchip\xc8\v2.05\pic\sources\c99\common\scalbnf.c
		_scalbnf       		CODE           	407A	0000	489

C:\Program Files (x86)\Microchip\xc8\v2.05\pic\sources\c99\common\scalbnf.c estimated size: 489

C:\Program Files (x86)\Microchip\xc8\v2.05\pic\sources\c99\common\nf_sprintf.c
		_sprintf       		CODE           	53DE	0000	83

C:\Program Files (x86)\Microchip\xc8\v2.05\pic\sources\c99\common\nf_sprintf.c estimated size: 83

C:\Program Files (x86)\Microchip\xc8\v2.05\pic\sources\c99\common\Umul16.c
		___wmul        		CODE           	5942	0000	39

C:\Program Files (x86)\Microchip\xc8\v2.05\pic\sources\c99\common\Umul16.c estimated size: 39

C:\Program Files (x86)\Microchip\xc8\v2.05\pic\sources\c99\common\atoi.c
		_atoi          		CODE           	4968	0000	315

C:\Program Files (x86)\Microchip\xc8\v2.05\pic\sources\c99\common\atoi.c estimated size: 315

mcc_generated_files/tmr1.c
		_TMR1_Initialize		CODE           	560C	0000	59
		_TMR1_StopTimer		CODE           	5B18	0000	5
		_TMR1_WriteTimer		CODE           	59E6	0000	29
		_TMR1_StartTimer		CODE           	5B28	0000	5
		_TMR1_ISR      		CODE           	5A36	0000	23

mcc_generated_files/tmr1.c estimated size: 121

C:\Program Files (x86)\Microchip\xc8\v2.05\pic\sources\c99\common\abs.c
		_abs           		CODE           	571A	0000	51

C:\Program Files (x86)\Microchip\xc8\v2.05\pic\sources\c99\common\abs.c estimated size: 51

C:\Program Files (x86)\Microchip\xc8\v2.05\pic\sources\c99\common\nf_fputs.c
		_fputs         		CODE           	5646	0000	57

C:\Program Files (x86)\Microchip\xc8\v2.05\pic\sources\c99\common\nf_fputs.c estimated size: 57

C:\Program Files (x86)\Microchip\xc8\v2.05\pic\sources\c99\common\flneg.c
		___flneg       		CODE           	57DE	0000	47

C:\Program Files (x86)\Microchip\xc8\v2.05\pic\sources\c99\common\flneg.c estimated size: 47

C:\Program Files (x86)\Microchip\xc8\v2.05\pic\sources\c99\common\fabsf.c
		_fabsf         		CODE           	56B2	0000	53

C:\Program Files (x86)\Microchip\xc8\v2.05\pic\sources\c99\common\fabsf.c estimated size: 53

mcc_generated_files/eusart.c
		_EUSART_SetRxInterruptHandler		CODE           	5ABA	0000	11
		_EUSART_SetTxInterruptHandler		CODE           	5AB0	0000	11
		_EUSART_DefaultOverrunErrorHandler		CODE           	5B0C	0000	7
		_EUSART_Write  		CODE           	5558	0000	63
		_EUSART_Write_String		CODE           	567E	0000	53
		_EUSART_DefaultErrorHandler		CODE           	5B12	0000	7
		_EUSART_Transmit_ISR		CODE           	5868	0000	47
		_EUSART_Initialize		CODE           	51E0	0000	125
		_EUSART_SetFramingErrorHandler		CODE           	5ACE	0000	11
		_EUSART_SetErrorHandler		CODE           	5AD8	0000	11
		_EUSART_SetOverrunErrorHandler		CODE           	5AC4	0000	11
		_EUSART_Receive_ISR		CODE           	4E22	0000	179
		_EUSART_RxDataHandler		CODE           	56E6	0000	53
		_EUSART_DefaultFramingErrorHandler		CODE           	5B32	0000	3

mcc_generated_files/eusart.c estimated size: 592

main.c
		_main          		CODE           	52D0	0000	99

main.c estimated size: 99

C:\Program Files (x86)\Microchip\xc8\v2.05\pic\sources\c99\common\isdigit.c
		_isdigit       		CODE           	57AE	0000	49

C:\Program Files (x86)\Microchip\xc8\v2.05\pic\sources\c99\common\isdigit.c estimated size: 49

C:\Program Files (x86)\Microchip\xc8\v2.05\pic\sources\c99\common\sprcadd.c
		___flsub       		CODE           	54D2	0000	73
		___fladd       		CODE           	389C	0000	781

C:\Program Files (x86)\Microchip\xc8\v2.05\pic\sources\c99\common\sprcadd.c estimated size: 854

C:\Program Files (x86)\Microchip\xc8\v2.05\pic\sources\c99\common\lomod.c
		___lomod       		CODE           	4ED4	0000	175

C:\Program Files (x86)\Microchip\xc8\v2.05\pic\sources\c99\common\lomod.c estimated size: 175

C:\Program Files (x86)\Microchip\xc8\v2.05\pic\sources\c99\common\aomod.c
		___aomod       		CODE           	4AA2	0000	293

C:\Program Files (x86)\Microchip\xc8\v2.05\pic\sources\c99\common\aomod.c estimated size: 293

